###############################################################################
#
# IAR ELF Linker V8.50.4.261/W32 for ARM                  19/Aug/2020  09:41:15
# Copyright 2007-2020 IAR Systems AB.
#
#    Output file  =
#        D:\workspace\LoRaWAN_CMSIS_FreeRTOS\Class_A\Exe\LoRaWAN_CMSIS_FreeRTOS.out
#    Map file     =
#        D:\workspace\LoRaWAN_CMSIS_FreeRTOS\Class_A\List\LoRaWAN_CMSIS_FreeRTOS.map
#    Command line =
#        -f C:\Users\1FB5~1\AppData\Local\Temp\EWA100.tmp
#        (D:\workspace\LoRaWAN_CMSIS_FreeRTOS\Class_A\Obj\cayenne_lpp.o
#        D:\workspace\LoRaWAN_CMSIS_FreeRTOS\Class_A\Obj\clock.o
#        D:\workspace\LoRaWAN_CMSIS_FreeRTOS\Class_A\Obj\croutine.o
#        D:\workspace\LoRaWAN_CMSIS_FreeRTOS\Class_A\Obj\event_groups.o
#        D:\workspace\LoRaWAN_CMSIS_FreeRTOS\Class_A\Obj\gpio.o
#        D:\workspace\LoRaWAN_CMSIS_FreeRTOS\Class_A\Obj\heap_1.o
#        D:\workspace\LoRaWAN_CMSIS_FreeRTOS\Class_A\Obj\list.o
#        D:\workspace\LoRaWAN_CMSIS_FreeRTOS\Class_A\Obj\main.o
#        D:\workspace\LoRaWAN_CMSIS_FreeRTOS\Class_A\Obj\modemRHF78-052.o
#        D:\workspace\LoRaWAN_CMSIS_FreeRTOS\Class_A\Obj\port.o
#        D:\workspace\LoRaWAN_CMSIS_FreeRTOS\Class_A\Obj\portasm.o
#        D:\workspace\LoRaWAN_CMSIS_FreeRTOS\Class_A\Obj\queue.o
#        D:\workspace\LoRaWAN_CMSIS_FreeRTOS\Class_A\Obj\RingFIFO.o
#        D:\workspace\LoRaWAN_CMSIS_FreeRTOS\Class_A\Obj\startup_stm32f103xb.o
#        D:\workspace\LoRaWAN_CMSIS_FreeRTOS\Class_A\Obj\stream_buffer.o
#        D:\workspace\LoRaWAN_CMSIS_FreeRTOS\Class_A\Obj\system_stm32f1xx.o
#        D:\workspace\LoRaWAN_CMSIS_FreeRTOS\Class_A\Obj\tasks.o
#        D:\workspace\LoRaWAN_CMSIS_FreeRTOS\Class_A\Obj\timers.o
#        D:\workspace\LoRaWAN_CMSIS_FreeRTOS\Class_A\Obj\uart.o
#        --no_out_extension -o
#        D:\workspace\LoRaWAN_CMSIS_FreeRTOS\Class_A\Exe\LoRaWAN_CMSIS_FreeRTOS.out
#        --redirect _Printf=_PrintfFullNoMb --redirect _Scanf=_ScanfFullNoMb
#        --map
#        D:\workspace\LoRaWAN_CMSIS_FreeRTOS\Class_A\List\LoRaWAN_CMSIS_FreeRTOS.map
#        --config "C:\Program Files (x86)\IAR Systems\Embedded Workbench
#        8.4\arm\config\linker\ST\stm32f103x8.icf" --semihosting --entry
#        __iar_program_start --vfe --text_out locale)
#
###############################################################################

*******************************************************************************
*** RUNTIME MODEL ATTRIBUTES
***

CppFlavor       = *
__SystemLibrary = DLib
__dlib_version  = 6


*******************************************************************************
*** HEAP SELECTION
***

The basic heap was selected because some modules are built with
size limitations (and not runtime checking), and --advanced_heap
was not specified.


*******************************************************************************
*** PLACEMENT SUMMARY
***

"A0":  place at address 0x800'0000 { ro section .intvec };
"P1":  place in [from 0x800'0000 to 0x800'ffff] { ro };
define block CSTACK with size = 2K, alignment = 8 { };
define block HEAP with size = 2K, alignment = 8 { };
"P2":  place in [from 0x2000'0000 to 0x2000'4fff] {
          rw, block CSTACK, block HEAP };
initialize by copy { rw };

  Section            Kind         Address    Size  Object
  -------            ----         -------    ----  ------
"A0":                                        0xec
  .intvec            ro code   0x800'0000    0xec  startup_stm32f103xb.o [1]
                             - 0x800'00ec    0xec

"P1":                                      0x3b23
  .text              ro code   0x800'00ec   0xfa6  xprintffull_nomb.o [2]
  .text              ro code   0x800'1092    0x3a  zero_init3.o [4]
  .text              ro code   0x800'10cc    0x16  strchr.o [4]
  .text              ro code   0x800'10e2     0xa  xsprout.o [2]
  .text              ro code   0x800'10ec    0x40  xfail_s.o [2]
  .text              ro code   0x800'112c    0x36  strlen.o [4]
  .text              ro code   0x800'1164    0x58  memchr.o [4]
  .text              ro code   0x800'11bc    0xa6  ABImemcpy.o [4]
  .text              ro code   0x800'1264    0x70  frexp.o [3]
  .text              ro code   0x800'12d4    0x2e  DblCmpLe.o [3]
  .text              ro code   0x800'1304    0x2e  DblCmpGe.o [3]
  .text              ro code   0x800'1334   0x13a  ldexp.o [3]
  .text              ro code   0x800'1470    0x3a  DblToS32.o [3]
  .text              ro code   0x800'14ac    0x22  S32ToDbl.o [3]
  .text              ro code   0x800'14d0    0xe2  DblSub.o [3]
  .text              ro code   0x800'15b4   0x246  DblDiv.o [3]
  .text              ro code   0x800'17fc    0x28  DblToU32.o [3]
  .text              ro code   0x800'1824    0x1a  U32ToDbl.o [3]
  .text              ro code   0x800'1840   0x1a2  DblMul.o [3]
  .text              ro code   0x800'19e4   0x230  I64DivMod.o [4]
  .text              ro code   0x800'1c14     0x6  abort.o [2]
  .text              ro code   0x800'1c1c   0x16a  DblAdd.o [3]
  .text              ro code   0x800'1d88     0x2  I64DivZer.o [4]
  .text              ro code   0x800'1d8c    0x14  exit.o [5]
  .text              ro code   0x800'1da0    0x7c  iarttio.o [5]
  .text              ro code   0x800'1e1c    0x3c  XShttio.o [2]
  .text              ro code   0x800'1e58   0x5f4  tasks.o [1]
  .text              ro code   0x800'244c    0x68  heap_1.o [1]
  .text              ro code   0x800'24b4    0x98  list.o [1]
  .text              ro code   0x800'254c    0xe4  port.o [1]
  CODE               ro code   0x800'2630    0x88  portasm.o [1]
  .text              ro code   0x800'26b8   0x590  main.o [1]
  .text              ro code   0x800'2c48    0x40  sprintf.o [2]
  .text              ro code   0x800'2c88    0x1e  strcat.o [2]
  .text              ro code   0x800'2ca8    0xec  clock.o [1]
  .text              ro code   0x800'2d94    0x44  gpio.o [1]
  .text              ro code   0x800'2dd8   0x320  uart.o [1]
  .text              ro code   0x800'30f8    0xb8  modemRHF78-052.o [1]
  .text              ro code   0x800'31b0    0x66  ABImemset.o [4]
  .text              ro code   0x800'3218    0x80  cayenne_lpp.o [1]
  .text              ro code   0x800'3298    0xa0  RingFIFO.o [1]
  .text              ro code   0x800'3338    0x28  printf.o [2]
  .text              ro code   0x800'3360    0x35  puts.o [2]
  .text              ro code   0x800'3398    0x24  ABIassert.o [5]
  .text              ro code   0x800'33bc    0xd8  FltMul.o [3]
  .text              ro code   0x800'3494    0x2a  FltToS32.o [3]
  .text              ro code   0x800'34be    0x10  write.o [5]
  .text              ro code   0x800'34ce    0x1e  dwrite.o [5]
  .text              ro code   0x800'34ec    0x20  iarwstd.o [5]
  .text              ro code   0x800'350c    0x22  iarwrite.o [5]
  .text              ro code   0x800'3530    0x58  system_stm32f1xx.o [1]
  .rodata            const     0x800'3588    0x38  main.o [1]
  .rodata            const     0x800'35c0    0x38  main.o [1]
  .text              ro code   0x800'35f8    0x38  packbits_init_single.o [4]
  .rodata            const     0x800'3630    0x34  cayenne_lpp.o [1]
  .rodata            const     0x800'3664    0x34  main.o [1]
  .rodata            const     0x800'3698    0x34  main.o [1]
  .rodata            const     0x800'36cc    0x28  main.o [1]
  .text              ro code   0x800'36f4    0x28  data_init.o [4]
  .rodata            const     0x800'371c    0x24  main.o [1]
  .iar.init_table    const     0x800'3740    0x20  - Linker created -
  .rodata            const     0x800'3760    0x20  cayenne_lpp.o [1]
  .rodata            const     0x800'3780    0x20  main.o [1]
  .text              ro code   0x800'37a0    0x20  putchar.o [2]
  .text              ro code   0x800'37c0    0x1e  cmain.o [4]
  .text              ro code   0x800'37de     0x4  low_level_init.o [2]
  .text              ro code   0x800'37e2     0x4  exit.o [2]
  .text              ro code   0x800'37e8     0xa  cexit.o [4]
  .rodata            const     0x800'37f4    0x1c  main.o [1]
  .rodata            const     0x800'3810    0x1c  main.o [1]
  .rodata            const     0x800'382c    0x1c  main.o [1]
  .rodata            const     0x800'3848    0x1c  main.o [1]
  .rodata            const     0x800'3864    0x1c  main.o [1]
  .rodata            const     0x800'3880    0x1c  main.o [1]
  .rodata            const     0x800'389c    0x1c  main.o [1]
  .rodata            const     0x800'38b8    0x1c  main.o [1]
  .rodata            const     0x800'38d4    0x1c  main.o [1]
  .rodata            const     0x800'38f0    0x1c  main.o [1]
  .rodata            const     0x800'390c    0x1c  main.o [1]
  .rodata            const     0x800'3928    0x1c  main.o [1]
  .rodata            const     0x800'3944    0x1c  main.o [1]
  .rodata            const     0x800'3960    0x1c  main.o [1]
  .rodata            const     0x800'397c    0x1c  main.o [1]
  .rodata            const     0x800'3998    0x1c  main.o [1]
  .rodata            const     0x800'39b4    0x1c  main.o [1]
  .rodata            const     0x800'39d0    0x1c  main.o [1]
  .rodata            const     0x800'39ec    0x1c  main.o [1]
  .rodata            const     0x800'3a08    0x18  main.o [1]
  .text              ro code   0x800'3a20    0x16  xprout.o [2]
  .rodata            const     0x800'3a38    0x10  main.o [1]
  .rodata            const     0x800'3a48    0x10  main.o [1]
  .rodata            const     0x800'3a58    0x10  main.o [1]
  .rodata            const     0x800'3a68    0x10  main.o [1]
  .rodata            const     0x800'3a78    0x10  main.o [1]
  .text              ro code   0x800'3a88    0x10  startup_stm32f103xb.o [1]
  .rodata            const     0x800'3a98     0xc  main.o [1]
  .rodata            const     0x800'3aa4     0xc  main.o [1]
  .rodata            const     0x800'3ab0     0xc  main.o [1]
  .rodata            const     0x800'3abc     0xc  main.o [1]
  .rodata            const     0x800'3ac8     0xc  main.o [1]
  .rodata            const     0x800'3ad4     0xc  main.o [1]
  .rodata            const     0x800'3ae0     0xc  main.o [1]
  .rodata            const     0x800'3aec     0xc  main.o [1]
  .rodata            const     0x800'3af8     0xc  main.o [1]
  .rodata            const     0x800'3b04     0xc  main.o [1]
  .text              ro code   0x800'3b10     0xc  cstartup_M.o [4]
  .rodata            const     0x800'3b1c     0x8  main.o [1]
  .rodata            const     0x800'3b24     0x8  main.o [1]
  .rodata            const     0x800'3b2c     0x8  tasks.o [1]
  .rodata            const     0x800'3b34     0x8  xprintffull_nomb.o [2]
  .text              ro code   0x800'3b3c     0x4  startup_stm32f103xb.o [1]
  .text              ro code   0x800'3b40     0x4  startup_stm32f103xb.o [1]
  .text              ro code   0x800'3b44     0x4  startup_stm32f103xb.o [1]
  .text              ro code   0x800'3b48     0x4  startup_stm32f103xb.o [1]
  .text              ro code   0x800'3b4c     0x4  startup_stm32f103xb.o [1]
  .text              ro code   0x800'3b50     0x4  startup_stm32f103xb.o [1]
  .text              ro code   0x800'3b54     0x4  startup_stm32f103xb.o [1]
  .text              ro code   0x800'3b58     0x4  startup_stm32f103xb.o [1]
  .text              ro code   0x800'3b5c     0x4  startup_stm32f103xb.o [1]
  .text              ro code   0x800'3b60     0x4  startup_stm32f103xb.o [1]
  .text              ro code   0x800'3b64     0x4  startup_stm32f103xb.o [1]
  .text              ro code   0x800'3b68     0x4  startup_stm32f103xb.o [1]
  .text              ro code   0x800'3b6c     0x4  startup_stm32f103xb.o [1]
  .text              ro code   0x800'3b70     0x4  startup_stm32f103xb.o [1]
  .text              ro code   0x800'3b74     0x4  startup_stm32f103xb.o [1]
  .text              ro code   0x800'3b78     0x4  startup_stm32f103xb.o [1]
  .text              ro code   0x800'3b7c     0x4  startup_stm32f103xb.o [1]
  .text              ro code   0x800'3b80     0x4  startup_stm32f103xb.o [1]
  .text              ro code   0x800'3b84     0x4  startup_stm32f103xb.o [1]
  .text              ro code   0x800'3b88     0x4  startup_stm32f103xb.o [1]
  .text              ro code   0x800'3b8c     0x4  startup_stm32f103xb.o [1]
  .text              ro code   0x800'3b90     0x4  startup_stm32f103xb.o [1]
  .text              ro code   0x800'3b94     0x4  startup_stm32f103xb.o [1]
  .text              ro code   0x800'3b98     0x4  startup_stm32f103xb.o [1]
  .text              ro code   0x800'3b9c     0x4  startup_stm32f103xb.o [1]
  .text              ro code   0x800'3ba0     0x4  startup_stm32f103xb.o [1]
  .text              ro code   0x800'3ba4     0x4  startup_stm32f103xb.o [1]
  .text              ro code   0x800'3ba8     0x4  startup_stm32f103xb.o [1]
  .text              ro code   0x800'3bac     0x4  startup_stm32f103xb.o [1]
  .text              ro code   0x800'3bb0     0x4  startup_stm32f103xb.o [1]
  .text              ro code   0x800'3bb4     0x4  startup_stm32f103xb.o [1]
  .text              ro code   0x800'3bb8     0x4  startup_stm32f103xb.o [1]
  .text              ro code   0x800'3bbc     0x4  startup_stm32f103xb.o [1]
  .text              ro code   0x800'3bc0     0x4  startup_stm32f103xb.o [1]
  .text              ro code   0x800'3bc4     0x4  startup_stm32f103xb.o [1]
  .text              ro code   0x800'3bc8     0x4  startup_stm32f103xb.o [1]
  .text              ro code   0x800'3bcc     0x4  startup_stm32f103xb.o [1]
  .text              ro code   0x800'3bd0     0x4  startup_stm32f103xb.o [1]
  .text              ro code   0x800'3bd4     0x4  startup_stm32f103xb.o [1]
  .text              ro code   0x800'3bd8     0x4  startup_stm32f103xb.o [1]
  .text              ro code   0x800'3bdc     0x4  startup_stm32f103xb.o [1]
  .text              ro code   0x800'3be0     0x4  startup_stm32f103xb.o [1]
  .text              ro code   0x800'3be4     0x4  startup_stm32f103xb.o [1]
  .text              ro code   0x800'3be8     0x4  startup_stm32f103xb.o [1]
  .text              ro code   0x800'3bec     0x4  startup_stm32f103xb.o [1]
  .text              ro code   0x800'3bf0     0x4  startup_stm32f103xb.o [1]
  .text              ro code   0x800'3bf4     0x4  startup_stm32f103xb.o [1]
  .text              ro code   0x800'3bf8     0x4  startup_stm32f103xb.o [1]
  .rodata            const     0x800'3bfc     0x0  zero_init3.o [4]
  .rodata            const     0x800'3bfc     0x0  packbits_init_single.o [4]
  Initializer bytes  const     0x800'3bfc    0x13  <for P2-1>
                             - 0x800'3c0f  0x3b23

"P2", part 1 of 3:                           0x40
  P2-1                        0x2000'0000    0x40  <Init block>
    .data            inited   0x2000'0000    0x34  main.o [1]
    .data            inited   0x2000'0034     0x4  port.o [1]
    .data            inited   0x2000'0038     0x8  XShttio.o [2]
                            - 0x2000'0040    0x40

"P2", part 2 of 3:                         0x45d8
  .bss               zero     0x2000'0040  0x4400  heap_1.o [1]
  .bss               zero     0x2000'4440    0x64  tasks.o [1]
  .bss               zero     0x2000'44a4    0x50  uart.o [1]
  .bss               zero     0x2000'44f4    0x50  uart.o [1]
  .bss               zero     0x2000'4544    0x14  tasks.o [1]
  .bss               zero     0x2000'4558    0x14  tasks.o [1]
  .bss               zero     0x2000'456c    0x14  tasks.o [1]
  .bss               zero     0x2000'4580    0x14  tasks.o [1]
  .bss               zero     0x2000'4594    0x14  tasks.o [1]
  .bss               zero     0x2000'45a8     0xc  main.o [1]
  .bss               zero     0x2000'45b4     0xc  uart.o [1]
  .bss               zero     0x2000'45c0     0xc  uart.o [1]
  .bss               zero     0x2000'45cc     0x4  heap_1.o [1]
  .bss               zero     0x2000'45d0     0x4  heap_1.o [1]
  .bss               zero     0x2000'45d4     0x4  tasks.o [1]
  .bss               zero     0x2000'45d8     0x4  tasks.o [1]
  .bss               zero     0x2000'45dc     0x4  tasks.o [1]
  .bss               zero     0x2000'45e0     0x4  tasks.o [1]
  .bss               zero     0x2000'45e4     0x4  tasks.o [1]
  .bss               zero     0x2000'45e8     0x4  tasks.o [1]
  .bss               zero     0x2000'45ec     0x4  tasks.o [1]
  .bss               zero     0x2000'45f0     0x4  tasks.o [1]
  .bss               zero     0x2000'45f4     0x4  tasks.o [1]
  .bss               zero     0x2000'45f8     0x4  tasks.o [1]
  .bss               zero     0x2000'45fc     0x4  tasks.o [1]
  .bss               zero     0x2000'4600     0x4  tasks.o [1]
  .bss               zero     0x2000'4604     0x4  tasks.o [1]
  .bss               zero     0x2000'4608     0x4  tasks.o [1]
  .bss               zero     0x2000'460c     0x4  tasks.o [1]
  .bss               zero     0x2000'4610     0x4  xfail_s.o [2]
  .bss               zero     0x2000'4614     0x2  uart.o [1]
  .bss               zero     0x2000'4616     0x1  XShttio.o [2]
                            - 0x2000'4617  0x45d7

"P2", part 3 of 3:                          0x800
  CSTACK                      0x2000'4618   0x800  <Block>
    CSTACK           uninit   0x2000'4618   0x800  <Block tail>
                            - 0x2000'4e18   0x800

Unused ranges:

         From           To    Size
         ----           --    ----
   0x800'3c0f   0x800'ffff  0xc3f1
  0x2000'4e18  0x2000'4fff   0x1e8


*******************************************************************************
*** INIT TABLE
***

          Address      Size
          -------      ----
Zero (__iar_zero_init3)
    1 destination range, total size 0x45d7:
          0x2000'0040  0x45d7

Copy/packbits (__iar_packbits_init_single3)
    1 source range, total size 0x13 (29% of destination):
           0x800'3bfc    0x13
    1 destination range, total size 0x40:
          0x2000'0000    0x40



*******************************************************************************
*** MODULE SUMMARY
***

    Module                  ro code  ro data  rw data
    ------                  -------  -------  -------
command line/config:
    -------------------------------------------------
    Total:

D:\workspace\LoRaWAN_CMSIS_FreeRTOS\Class_A\Obj: [1]
    RingFIFO.o                  160
    cayenne_lpp.o               128       84
    clock.o                     236
    gpio.o                       68
    heap_1.o                    104            17'416
    list.o                      152
    main.o                    1'424    1'111       64
    modemRHF78-052.o            184
    port.o                      228        1        4
    portasm.o                   136
    startup_stm32f103xb.o       444
    system_stm32f1xx.o           88
    tasks.o                   1'524        8      260
    uart.o                      800               186
    -------------------------------------------------
    Total:                    5'676    1'204   17'930

dl7M_tln.a: [2]
    XShttio.o                    60        3        9
    abort.o                       6
    exit.o                        4
    low_level_init.o              4
    printf.o                     40
    putchar.o                    32
    puts.o                       53
    sprintf.o                    64
    strcat.o                     30
    xfail_s.o                    64                 4
    xprintffull_nomb.o        4'006        8
    xprout.o                     22
    xsprout.o                    10
    -------------------------------------------------
    Total:                    4'395       11       13

m7M_tl.a: [3]
    DblAdd.o                    362
    DblCmpGe.o                   46
    DblCmpLe.o                   46
    DblDiv.o                    582
    DblMul.o                    418
    DblSub.o                    226
    DblToS32.o                   58
    DblToU32.o                   40
    FltMul.o                    216
    FltToS32.o                   42
    S32ToDbl.o                   34
    U32ToDbl.o                   26
    frexp.o                     112
    ldexp.o                     314
    -------------------------------------------------
    Total:                    2'522

rt7M_tl.a: [4]
    ABImemcpy.o                 166
    ABImemset.o                 102
    I64DivMod.o                 560
    I64DivZer.o                   2
    cexit.o                      10
    cmain.o                      30
    cstartup_M.o                 12
    data_init.o                  40
    memchr.o                     88
    packbits_init_single.o       56
    strchr.o                     22
    strlen.o                     54
    zero_init3.o                 58
    -------------------------------------------------
    Total:                    1'200

shb_l.a: [5]
    ABIassert.o                  36
    dwrite.o                     30
    exit.o                       20
    iarttio.o                   124
    iarwrite.o                   34
    iarwstd.o                    32
    write.o                      16
    -------------------------------------------------
    Total:                      292

    Gaps                         39        4
    Linker created                        32    2'048
-----------------------------------------------------
    Grand Total:             14'124    1'251   19'991


*******************************************************************************
*** ENTRY LIST
***

Entry                       Address    Size  Type      Object
-----                       -------    ----  ----      ------
.iar.init_table$$Base    0x800'3740           --   Gb  - Linker created -
.iar.init_table$$Limit   0x800'3760           --   Gb  - Linker created -
?main                    0x800'37c1          Code  Gb  cmain.o [4]
ADR                      0x800'3ae0     0xc  Data  Gb  main.o [1]
AT_CMSGHEX              0x2000'0000    0x34  Data  Gb  main.o [1]
AppSKey                  0x800'35c0    0x38  Data  Gb  main.o [1]
CSTACK$$Base            0x2000'4618           --   Gb  - Linker created -
CSTACK$$Limit           0x2000'4e18           --   Gb  - Linker created -
ClockInit                0x800'2ca9    0x86  Code  Gb  clock.o [1]
Decr                     0x800'32bd     0xe  Code  Lc  RingFIFO.o [1]
EU433                    0x800'3a38    0x10  Data  Gb  main.o [1]
Incr                     0x800'32ad    0x10  Code  Lc  RingFIFO.o [1]
NVIC_DisableIRQ          0x800'2ded    0x14  Code  Lc  uart.o [1]
NVIC_EnableIRQ           0x800'2dd9    0x14  Code  Lc  uart.o [1]
NwkSKey                  0x800'3588    0x38  Data  Gb  main.o [1]
PendSV_Handler           0x800'2631          Code  Gb  portasm.o [1]
Port                     0x800'3ac8     0xc  Data  Gb  main.o [1]
PortInit                 0x800'2d95    0x1e  Code  Gb  gpio.o [1]
PortSetHi                0x800'2db3     0xa  Code  Gb  gpio.o [1]
PortSetLow               0x800'2dbd     0xa  Code  Gb  gpio.o [1]
RCC_DeInit               0x800'2d2f    0x56  Code  Gb  clock.o [1]
RXNEIEnable              0x800'2ff5     0xa  Code  Lc  uart.o [1]
RXWIN2                   0x800'3a08    0x18  Data  Gb  main.o [1]
Region$$Table$$Base      0x800'3740           --   Gb  - Linker created -
Region$$Table$$Limit     0x800'3760           --   Gb  - Linker created -
RingBuffClear            0x800'3333     0x6  Code  Gb  RingFIFO.o [1]
RingBuffGet              0x800'32f5    0x3a  Code  Gb  RingFIFO.o [1]
RingBuffInit             0x800'32cb     0xe  Code  Gb  RingFIFO.o [1]
RingBuffNumOfItems       0x800'332f     0x4  Code  Gb  RingFIFO.o [1]
RingBuffPut              0x800'32d9    0x1c  Code  Gb  RingFIFO.o [1]
RingIncr                 0x800'3299    0x14  Code  Lc  RingFIFO.o [1]
RxPinInit                0x800'2fb3    0x2e  Code  Lc  uart.o [1]
SVC_Handler              0x800'2677          Code  Gb  portasm.o [1]
Set_Class                0x800'3a78    0x10  Data  Gb  main.o [1]
SysTick_Handler          0x800'25d1    0x28  Code  Gb  port.o [1]
SystemInit               0x800'3531    0x3e  Code  Gb  system_stm32f1xx.o [1]
TXEIDisable              0x800'2feb     0xa  Code  Lc  uart.o [1]
TXEIEnable               0x800'2fe1     0xa  Code  Lc  uart.o [1]
TxPinInit                0x800'2f87    0x2c  Code  Lc  uart.o [1]
UARTInitStr              0x800'3b04     0xc  Data  Lc  main.o [1]
UART_BytesToRead         0x800'2ed5    0x18  Code  Gb  uart.o [1]
UART_GetC                0x800'2ebd    0x18  Code  Gb  uart.o [1]
UART_Init                0x800'2e01    0x9c  Code  Gb  uart.o [1]
UART_PutC                0x800'2e9d    0x20  Code  Gb  uart.o [1]
UART_ReadBuffClear       0x800'2eed    0x10  Code  Gb  uart.o [1]
UART_WriteBuffClear      0x800'2efd    0x10  Code  Gb  uart.o [1]
USART2_IRQHandler        0x800'306b    0x52  Code  Gb  uart.o [1]
USART2_IRQHandler::tmp  0x2000'4614     0x2  Data  Lc  uart.o [1]
_LitobFullNoMb           0x800'0e8d   0x10a  Code  Lc  xprintffull_nomb.o [2]
_PrintfFullNoMb          0x800'00ed   0xd7c  Code  Gb  xprintffull_nomb.o [2]
_Prout                   0x800'3a21    0x16  Code  Gb  xprout.o [2]
_PutcharFullNoMb         0x800'0ffd    0x20  Code  Lc  xprintffull_nomb.o [2]
_PutcharsFullNoMb        0x800'101d    0x2e  Code  Lc  xprintffull_nomb.o [2]
_SProut                  0x800'10e3     0xa  Code  Gb  xsprout.o [2]
__aeabi_assert           0x800'3399    0x24  Code  Gb  ABIassert.o [5]
__aeabi_cdcmple          0x800'12d5          Code  Gb  DblCmpLe.o [3]
__aeabi_cdrcmple         0x800'1305          Code  Gb  DblCmpGe.o [3]
__aeabi_d2iz             0x800'1471          Code  Gb  DblToS32.o [3]
__aeabi_d2uiz            0x800'17fd          Code  Gb  DblToU32.o [3]
__aeabi_ddiv             0x800'15b5          Code  Gb  DblDiv.o [3]
__aeabi_dmul             0x800'1841          Code  Gb  DblMul.o [3]
__aeabi_dsub             0x800'14d1          Code  Gb  DblSub.o [3]
__aeabi_f2iz             0x800'3495          Code  Gb  FltToS32.o [3]
__aeabi_fmul             0x800'33bd          Code  Gb  FltMul.o [3]
__aeabi_i2d              0x800'14ad          Code  Gb  S32ToDbl.o [3]
__aeabi_ldiv0            0x800'1d89          Code  Gb  I64DivZer.o [4]
__aeabi_memcpy           0x800'11bd          Code  Gb  ABImemcpy.o [4]
__aeabi_memcpy4          0x800'11dd          Code  Gb  ABImemcpy.o [4]
__aeabi_memcpy8          0x800'11dd          Code  Gb  ABImemcpy.o [4]
__aeabi_memset           0x800'31b1          Code  Gb  ABImemset.o [4]
__aeabi_ui2d             0x800'1825          Code  Gb  U32ToDbl.o [3]
__aeabi_uldivmod         0x800'19e5          Code  Gb  I64DivMod.o [4]
__cmain                  0x800'37c1          Code  Gb  cmain.o [4]
__dwrite                 0x800'34cf    0x1e  Code  Gb  dwrite.o [5]
__exit                   0x800'1d8d    0x14  Code  Gb  exit.o [5]
__iar_Fail_s             0x800'10ed    0x1c  Code  Gb  xfail_s.o [2]
__iar_Memchr             0x800'1165          Code  Gb  memchr.o [4]
__iar_Memset             0x800'31b1          Code  Gb  ABImemset.o [4]
__iar_Memset_word        0x800'31b9          Code  Gb  ABImemset.o [4]
__iar_Strchr             0x800'10cd          Code  Gb  strchr.o [4]
__iar_close_ttio         0x800'1da1    0x2c  Code  Gb  iarttio.o [5]
__iar_dadd               0x800'14e1          Code  Gb  DblSub.o [3]
__iar_data_init3         0x800'36f5    0x28  Code  Gb  data_init.o [4]
__iar_dsub               0x800'1c1d          Code  Gb  DblAdd.o [3]
__iar_dsubStart          0x800'1c2f          Code  Gb  DblAdd.o [3]
__iar_frexp              0x800'1271          Code  Gb  frexp.o [3]
__iar_frexp64            0x800'1265          Code  Gb  frexp.o [3]
__iar_frexpl             0x800'1271          Code  Gb  frexp.o [3]
__iar_get_ttio           0x800'1dcd    0x4c  Code  Gb  iarttio.o [5]
__iar_ldexp64            0x800'1335          Code  Gb  ldexp.o [3]
__iar_lookup_ttioh       0x800'1e4b     0x4  Code  Gb  XShttio.o [2]
__iar_packbits_init_single3
                         0x800'35f9    0x38  Code  Gb  packbits_init_single.o [4]
__iar_program_start      0x800'3b11          Code  Gb  cstartup_M.o [4]
__iar_scalbln64          0x800'1335          Code  Gb  ldexp.o [3]
__iar_scalbn64           0x800'1335          Code  Gb  ldexp.o [3]
__iar_sh_stdout          0x800'34ed    0x20  Code  Gb  iarwstd.o [5]
__iar_sh_write           0x800'350d    0x22  Code  Gb  iarwrite.o [5]
__iar_ttio_guard_lock    0x800'1e1d    0x1e  Code  Gb  XShttio.o [2]
__iar_ttio_guard_unlock
                         0x800'1e3b    0x10  Code  Gb  XShttio.o [2]
__iar_ttio_handles      0x2000'0038     0x8  Data  Lc  XShttio.o [2]
__iar_zero_init3         0x800'1093    0x3a  Code  Gb  zero_init3.o [4]
__low_level_init         0x800'37df     0x4  Code  Gb  low_level_init.o [2]
__vector_table           0x800'0000          Data  Gb  startup_stm32f103xb.o [1]
__write                  0x800'34bf    0x10  Code  Gb  write.o [5]
_call_main               0x800'37cd          Code  Gb  cmain.o [4]
_exit                    0x800'37e9          Code  Gb  cexit.o [4]
_main                    0x800'37db          Code  Gb  cmain.o [4]
_sprint_buffer           0x800'26b9    0x3c  Code  Lc  main.o [1]
_uart_en                 0x800'2f7d     0xa  Code  Lc  uart.o [1]
_uart_init               0x800'2f0d    0x70  Code  Lc  uart.o [1]
abort                    0x800'1c15     0x6  Code  Gb  abort.o [2]
answer_ADR               0x800'3aec     0xc  Data  Gb  main.o [1]
answer_AppSKey           0x800'3698    0x34  Data  Gb  main.o [1]
answer_Class             0x800'3af8     0xc  Data  Gb  main.o [1]
answer_DEVADDR           0x800'3810    0x1c  Data  Gb  main.o [1]
answer_EU433             0x800'3a48    0x10  Data  Gb  main.o [1]
answer_NwkSKey           0x800'3664    0x34  Data  Gb  main.o [1]
answer_Port              0x800'3ad4     0xc  Data  Gb  main.o [1]
answer_RXWIN2            0x800'39ec    0x1c  Data  Gb  main.o [1]
answer_check_link        0x800'3ab0     0xc  Data  Gb  main.o [1]
answer_default_Data_Rate
                         0x800'3780    0x20  Data  Gb  main.o [1]
answer_default_Power     0x800'3a68    0x10  Data  Gb  main.o [1]
answer_devEUI            0x800'36cc    0x28  Data  Gb  main.o [1]
answer_set_channel0      0x800'3848    0x1c  Data  Gb  main.o [1]
answer_set_channel1      0x800'3880    0x1c  Data  Gb  main.o [1]
answer_set_channel2      0x800'38b8    0x1c  Data  Gb  main.o [1]
answer_set_channel3      0x800'38f0    0x1c  Data  Gb  main.o [1]
answer_set_channel4      0x800'3928    0x1c  Data  Gb  main.o [1]
answer_set_channel5      0x800'3960    0x1c  Data  Gb  main.o [1]
answer_set_channel6      0x800'3998    0x1c  Data  Gb  main.o [1]
answer_set_channel7      0x800'39d0    0x1c  Data  Gb  main.o [1]
cayenne_lpp_add_temperature
                         0x800'3219    0x74  Code  Gb  cayenne_lpp.o [1]
check_link               0x800'3b24     0x8  Data  Gb  main.o [1]
default_Data_Rate        0x800'3abc     0xc  Data  Gb  main.o [1]
default_Power            0x800'3a58    0x10  Data  Gb  main.o [1]
exit                     0x800'37e3     0x4  Code  Gb  exit.o [2]
frexp                    0x800'1265          Code  Gb  frexp.o [3]
frexpl                   0x800'1265          Code  Gb  frexp.o [3]
ldexp                    0x800'1335          Code  Gb  ldexp.o [3]
ldexpl                   0x800'1335          Code  Gb  ldexp.o [3]
main                     0x800'26f5    0x5a  Code  Gb  main.o [1]
memchr                   0x800'1165          Code  Gb  memchr.o [4]
payload_str             0x2000'45a8     0xc  Data  Gb  main.o [1]
print_RX_buffer          0x800'3173    0x36  Code  Gb  modemRHF78-052.o [1]
printf                   0x800'3339    0x28  Code  Gb  printf.o [2]
prvAddCurrentTaskToDelayedList
                         0x800'239d    0x6e  Code  Lc  tasks.o [1]
prvAddNewTaskToReadyList
                         0x800'1f5b    0x9a  Code  Lc  tasks.o [1]
prvCheckTasksWaitingTermination
                         0x800'22fd    0x36  Code  Lc  tasks.o [1]
prvDeleteTCB             0x800'2333    0x12  Code  Lc  tasks.o [1]
prvIdleTask              0x800'2289    0x22  Code  Lc  tasks.o [1]
prvInitialiseNewTask     0x800'1ec5    0x96  Code  Lc  tasks.o [1]
prvInitialiseTaskLists   0x800'22ab    0x52  Code  Lc  tasks.o [1]
prvResetNextTaskUnblockTime
                         0x800'2345    0x28  Code  Lc  tasks.o [1]
prvTaskExitError         0x800'256d    0x10  Code  Lc  port.o [1]
putchar                  0x800'37a1    0x20  Code  Gb  putchar.o [2]
puts                     0x800'3361    0x34  Code  Gb  puts.o [2]
puts::newline            0x800'3394     0x1  Data  Lc  puts.o [2]
pvPortMalloc             0x800'244d    0x58  Code  Gb  heap_1.o [1]
pvPortMalloc::pucAlignedHeap
                        0x2000'45d0     0x4  Data  Lc  heap_1.o [1]
pxCurrentTCB            0x2000'45d4     0x4  Data  Gb  tasks.o [1]
pxDelayedTaskList       0x2000'45d8     0x4  Data  Lc  tasks.o [1]
pxOverflowDelayedTaskList
                        0x2000'45dc     0x4  Data  Lc  tasks.o [1]
pxPortInitialiseStack    0x800'254d    0x20  Code  Gb  port.o [1]
pxReadyTasksLists       0x2000'4440    0x64  Data  Lc  tasks.o [1]
receive_answer           0x800'3139    0x3a  Code  Gb  modemRHF78-052.o [1]
ring_get                 0x800'2fff    0x24  Code  Lc  uart.o [1]
ring_put                 0x800'3023    0x48  Code  Lc  uart.o [1]
rx_buff2                0x2000'44f4    0x50  Data  Lc  uart.o [1]
rx_fifo2                0x2000'45c0     0xc  Data  Lc  uart.o [1]
scalbln                  0x800'1335          Code  Gb  ldexp.o [3]
scalblnl                 0x800'1335          Code  Gb  ldexp.o [3]
scalbn                   0x800'1335          Code  Gb  ldexp.o [3]
scalbnl                  0x800'1335          Code  Gb  ldexp.o [3]
scale                    0x800'0f97    0x46  Code  Lc  xprintffull_nomb.o [2]
sec_hand                0x2000'4610     0x4  Data  Lc  xfail_s.o [2]
send_AT_command          0x800'30f9    0x40  Code  Gb  modemRHF78-052.o [1]
set_DEVADDR              0x800'37f4    0x1c  Data  Gb  main.o [1]
set_channel0             0x800'382c    0x1c  Data  Gb  main.o [1]
set_channel1             0x800'3864    0x1c  Data  Gb  main.o [1]
set_channel2             0x800'389c    0x1c  Data  Gb  main.o [1]
set_channel3             0x800'38d4    0x1c  Data  Gb  main.o [1]
set_channel4             0x800'390c    0x1c  Data  Gb  main.o [1]
set_channel5             0x800'3944    0x1c  Data  Gb  main.o [1]
set_channel6             0x800'397c    0x1c  Data  Gb  main.o [1]
set_channel7             0x800'39b4    0x1c  Data  Gb  main.o [1]
set_devEUI               0x800'371c    0x24  Data  Gb  main.o [1]
sprintf                  0x800'2c49    0x40  Code  Gb  sprintf.o [2]
strcat                   0x800'2c89    0x1e  Code  Gb  strcat.o [2]
strchr                   0x800'10cd          Code  Gb  strchr.o [4]
strlen                   0x800'112d          Code  Gb  strlen.o [4]
ttio_guard              0x2000'4616     0x1  Data  Lc  XShttio.o [2]
tx_buff2                0x2000'44a4    0x50  Data  Lc  uart.o [1]
tx_fifo2                0x2000'45b4     0xc  Data  Lc  uart.o [1]
ucHeap                  0x2000'0040  0x4400  Data  Lc  heap_1.o [1]
uxCriticalNesting       0x2000'0034     0x4  Data  Lc  port.o [1]
uxCurrentNumberOfTasks  0x2000'45e4     0x4  Data  Lc  tasks.o [1]
uxDeletedTasksWaitingCleanUp
                        0x2000'45e0     0x4  Data  Lc  tasks.o [1]
uxListRemove             0x800'2527    0x26  Code  Gb  list.o [1]
uxSchedulerSuspended    0x2000'460c     0x4  Data  Lc  tasks.o [1]
uxTaskNumber            0x2000'4600     0x4  Data  Lc  tasks.o [1]
uxTopReadyPriority      0x2000'45ec     0x4  Data  Lc  tasks.o [1]
vListInitialise          0x800'24b5    0x1e  Code  Gb  list.o [1]
vListInitialiseItem      0x800'24d3     0x6  Code  Gb  list.o [1]
vListInsert              0x800'24f1    0x36  Code  Gb  list.o [1]
vListInsertEnd           0x800'24d9    0x18  Code  Gb  list.o [1]
vLoRaWAN_Modem           0x800'2775   0x418  Code  Gb  main.o [1]
vMCU_worked              0x800'2755    0x20  Code  Gb  main.o [1]
vPortEnterCritical       0x800'25a3    0x18  Code  Gb  port.o [1]
vPortExitCritical        0x800'25bb    0x16  Code  Gb  port.o [1]
vPortFree                0x800'24a5     0x2  Code  Gb  heap_1.o [1]
vPortStartFirstTask      0x800'2697          Code  Gb  portasm.o [1]
vTaskDelay               0x800'1ff5    0x32  Code  Gb  tasks.o [1]
vTaskStartScheduler      0x800'2027    0x4e  Code  Gb  tasks.o [1]
vTaskSuspendAll          0x800'2075     0xc  Code  Gb  tasks.o [1]
vTaskSwitchContext       0x800'2233    0x56  Code  Gb  tasks.o [1]
xDelayedTaskList1       0x2000'4544    0x14  Data  Lc  tasks.o [1]
xDelayedTaskList2       0x2000'4558    0x14  Data  Lc  tasks.o [1]
xIdleTaskHandle         0x2000'4608     0x4  Data  Lc  tasks.o [1]
xNextFreeByte           0x2000'45cc     0x4  Data  Lc  heap_1.o [1]
xNextTaskUnblockTime    0x2000'4604     0x4  Data  Lc  tasks.o [1]
xNumOfOverflows         0x2000'45fc     0x4  Data  Lc  tasks.o [1]
xPendedTicks            0x2000'45f4     0x4  Data  Lc  tasks.o [1]
xPendingReadyList       0x2000'456c    0x14  Data  Lc  tasks.o [1]
xPortStartScheduler      0x800'257d    0x26  Code  Gb  port.o [1]
xSchedulerRunning       0x2000'45f0     0x4  Data  Lc  tasks.o [1]
xSuspendedTaskList      0x2000'4594    0x14  Data  Lc  tasks.o [1]
xTaskCreate              0x800'1e59    0x6c  Code  Gb  tasks.o [1]
xTaskIncrementTick       0x800'214f    0xe4  Code  Gb  tasks.o [1]
xTaskResumeAll           0x800'2081    0xce  Code  Gb  tasks.o [1]
xTasksWaitingTermination
                        0x2000'4580    0x14  Data  Lc  tasks.o [1]
xTickCount              0x2000'45e8     0x4  Data  Lc  tasks.o [1]
xYieldPending           0x2000'45f8     0x4  Data  Lc  tasks.o [1]


[1] = D:\workspace\LoRaWAN_CMSIS_FreeRTOS\Class_A\Obj
[2] = dl7M_tln.a
[3] = m7M_tl.a
[4] = rt7M_tl.a
[5] = shb_l.a

  14'124 bytes of readonly  code memory
   1'251 bytes of readonly  data memory
  19'991 bytes of readwrite data memory

Errors: none
Warnings: none
