###############################################################################
#
# IAR ELF Linker V8.50.4.261/W32 for ARM                  24/Jul/2020  16:51:49
# Copyright 2007-2020 IAR Systems AB.
#
#    Output file  =
#        C:\Users\MrZang\IAR_prj\LoRaWAN_CMSIS_FreeRTOS\Release\Exe\LoRaWAN_CMSIS_FreeRTOS.out
#    Map file     =
#        C:\Users\MrZang\IAR_prj\LoRaWAN_CMSIS_FreeRTOS\Release\List\LoRaWAN_CMSIS_FreeRTOS.map
#    Command line =
#        -f C:\Users\MrZang\AppData\Local\Temp\EW6E63.tmp
#        (C:\Users\MrZang\IAR_prj\LoRaWAN_CMSIS_FreeRTOS\Release\Obj\clock.o
#        C:\Users\MrZang\IAR_prj\LoRaWAN_CMSIS_FreeRTOS\Release\Obj\croutine.o
#        C:\Users\MrZang\IAR_prj\LoRaWAN_CMSIS_FreeRTOS\Release\Obj\event_groups.o
#        C:\Users\MrZang\IAR_prj\LoRaWAN_CMSIS_FreeRTOS\Release\Obj\gpio.o
#        C:\Users\MrZang\IAR_prj\LoRaWAN_CMSIS_FreeRTOS\Release\Obj\heap_1.o
#        C:\Users\MrZang\IAR_prj\LoRaWAN_CMSIS_FreeRTOS\Release\Obj\list.o
#        C:\Users\MrZang\IAR_prj\LoRaWAN_CMSIS_FreeRTOS\Release\Obj\main.o
#        C:\Users\MrZang\IAR_prj\LoRaWAN_CMSIS_FreeRTOS\Release\Obj\modemRHF78-052.o
#        C:\Users\MrZang\IAR_prj\LoRaWAN_CMSIS_FreeRTOS\Release\Obj\port.o
#        C:\Users\MrZang\IAR_prj\LoRaWAN_CMSIS_FreeRTOS\Release\Obj\portasm.o
#        C:\Users\MrZang\IAR_prj\LoRaWAN_CMSIS_FreeRTOS\Release\Obj\queue.o
#        C:\Users\MrZang\IAR_prj\LoRaWAN_CMSIS_FreeRTOS\Release\Obj\RingFIFO.o
#        C:\Users\MrZang\IAR_prj\LoRaWAN_CMSIS_FreeRTOS\Release\Obj\startup_stm32f103xb.o
#        C:\Users\MrZang\IAR_prj\LoRaWAN_CMSIS_FreeRTOS\Release\Obj\stream_buffer.o
#        C:\Users\MrZang\IAR_prj\LoRaWAN_CMSIS_FreeRTOS\Release\Obj\system_stm32f1xx.o
#        C:\Users\MrZang\IAR_prj\LoRaWAN_CMSIS_FreeRTOS\Release\Obj\tasks.o
#        C:\Users\MrZang\IAR_prj\LoRaWAN_CMSIS_FreeRTOS\Release\Obj\timers.o
#        C:\Users\MrZang\IAR_prj\LoRaWAN_CMSIS_FreeRTOS\Release\Obj\uart.o
#        --no_out_extension -o
#        C:\Users\MrZang\IAR_prj\LoRaWAN_CMSIS_FreeRTOS\Release\Exe\LoRaWAN_CMSIS_FreeRTOS.out
#        --redirect _Printf=_PrintfFullNoMb --redirect _Scanf=_ScanfFullNoMb
#        --map
#        C:\Users\MrZang\IAR_prj\LoRaWAN_CMSIS_FreeRTOS\Release\List\LoRaWAN_CMSIS_FreeRTOS.map
#        --config "C:\Program Files (x86)\IAR Systems\Embedded Workbench
#        8.4\arm\config\linker\ST\stm32f103x8.icf" --semihosting --entry
#        __iar_program_start --vfe --text_out locale)
#
###############################################################################

*******************************************************************************
*** RUNTIME MODEL ATTRIBUTES
***

CppFlavor       = *
__SystemLibrary = DLib
__dlib_version  = 6


*******************************************************************************
*** HEAP SELECTION
***

The basic heap was selected because some modules are built with
size limitations (and not runtime checking), and --advanced_heap
was not specified.


*******************************************************************************
*** PLACEMENT SUMMARY
***

"A0":  place at address 0x800'0000 { ro section .intvec };
"P1":  place in [from 0x800'0000 to 0x800'ffff] { ro };
define block CSTACK with size = 2K, alignment = 8 { };
define block HEAP with size = 2K, alignment = 8 { };
"P2":  place in [from 0x2000'0000 to 0x2000'4fff] {
          rw, block CSTACK, block HEAP };
initialize by copy { rw };

  Section            Kind         Address    Size  Object
  -------            ----         -------    ----  ------
"A0":                                        0xec
  .intvec            ro code   0x800'0000    0xec  startup_stm32f103xb.o [1]
                             - 0x800'00ec    0xec

"P1":                                      0x196c
  .text              ro code   0x800'00ec   0x5f4  tasks.o [1]
  .text              ro code   0x800'06e0    0x68  heap_1.o [1]
  .text              ro code   0x800'0748    0x98  list.o [1]
  .text              ro code   0x800'07e0    0xe4  port.o [1]
  CODE               ro code   0x800'08c4    0x88  portasm.o [1]
  .text              ro code   0x800'094c   0x4e0  main.o [1]
  .text              ro code   0x800'0e2c    0xe4  clock.o [1]
  .text              ro code   0x800'0f10    0x44  gpio.o [1]
  .text              ro code   0x800'0f54   0x320  uart.o [1]
  .text              ro code   0x800'1274    0x7a  modemRHF78-052.o [1]
  .text              ro code   0x800'12ee    0xa0  RingFIFO.o [1]
  .text              ro code   0x800'138e    0x3a  zero_init3.o [3]
  .text              ro code   0x800'13c8    0x36  strlen.o [3]
  .text              ro code   0x800'13fe    0x2e  copy_init3.o [3]
  .text              ro code   0x800'142c    0x58  system_stm32f1xx.o [1]
  .rodata            const     0x800'1484    0x38  main.o [1]
  .rodata            const     0x800'14bc    0x38  main.o [1]
  .rodata            const     0x800'14f4    0x34  main.o [1]
  .rodata            const     0x800'1528    0x34  main.o [1]
  .rodata            const     0x800'155c    0x28  main.o [1]
  .text              ro code   0x800'1584    0x28  data_init.o [3]
  .rodata            const     0x800'15ac    0x24  main.o [1]
  .iar.init_table    const     0x800'15d0    0x24  - Linker created -
  .rodata            const     0x800'15f4    0x20  main.o [1]
  .text              ro code   0x800'1614    0x1e  cmain.o [3]
  .text              ro code   0x800'1632     0x4  low_level_init.o [2]
  .text              ro code   0x800'1636     0x4  exit.o [2]
  .text              ro code   0x800'163c     0xa  cexit.o [3]
  .text              ro code   0x800'1648    0x14  exit.o [4]
  .rodata            const     0x800'165c    0x1c  main.o [1]
  .rodata            const     0x800'1678    0x1c  main.o [1]
  .rodata            const     0x800'1694    0x1c  main.o [1]
  .rodata            const     0x800'16b0    0x1c  main.o [1]
  .rodata            const     0x800'16cc    0x1c  main.o [1]
  .rodata            const     0x800'16e8    0x1c  main.o [1]
  .rodata            const     0x800'1704    0x1c  main.o [1]
  .rodata            const     0x800'1720    0x1c  main.o [1]
  .rodata            const     0x800'173c    0x1c  main.o [1]
  .rodata            const     0x800'1758    0x1c  main.o [1]
  .rodata            const     0x800'1774    0x1c  main.o [1]
  .rodata            const     0x800'1790    0x1c  main.o [1]
  .rodata            const     0x800'17ac    0x1c  main.o [1]
  .rodata            const     0x800'17c8    0x1c  main.o [1]
  .rodata            const     0x800'17e4    0x1c  main.o [1]
  .rodata            const     0x800'1800    0x1c  main.o [1]
  .rodata            const     0x800'181c    0x1c  main.o [1]
  .rodata            const     0x800'1838    0x1c  main.o [1]
  .rodata            const     0x800'1854    0x1c  main.o [1]
  .rodata            const     0x800'1870    0x18  main.o [1]
  .rodata            const     0x800'1888    0x18  main.o [1]
  .rodata            const     0x800'18a0    0x10  main.o [1]
  .rodata            const     0x800'18b0    0x10  main.o [1]
  .rodata            const     0x800'18c0    0x10  main.o [1]
  .rodata            const     0x800'18d0    0x10  main.o [1]
  .rodata            const     0x800'18e0    0x10  main.o [1]
  .text              ro code   0x800'18f0    0x10  startup_stm32f103xb.o [1]
  .rodata            const     0x800'1900     0xc  main.o [1]
  .rodata            const     0x800'190c     0xc  main.o [1]
  .rodata            const     0x800'1918     0xc  main.o [1]
  .rodata            const     0x800'1924     0xc  main.o [1]
  .rodata            const     0x800'1930     0xc  main.o [1]
  .rodata            const     0x800'193c     0xc  main.o [1]
  .rodata            const     0x800'1948     0xc  main.o [1]
  .rodata            const     0x800'1954     0xc  main.o [1]
  .rodata            const     0x800'1960     0xc  main.o [1]
  .rodata            const     0x800'196c     0xc  main.o [1]
  .text              ro code   0x800'1978     0xc  cstartup_M.o [3]
  .rodata            const     0x800'1984     0x8  main.o [1]
  .rodata            const     0x800'198c     0x8  tasks.o [1]
  .text              ro code   0x800'1994     0x4  startup_stm32f103xb.o [1]
  .text              ro code   0x800'1998     0x4  startup_stm32f103xb.o [1]
  .text              ro code   0x800'199c     0x4  startup_stm32f103xb.o [1]
  .text              ro code   0x800'19a0     0x4  startup_stm32f103xb.o [1]
  .text              ro code   0x800'19a4     0x4  startup_stm32f103xb.o [1]
  .text              ro code   0x800'19a8     0x4  startup_stm32f103xb.o [1]
  .text              ro code   0x800'19ac     0x4  startup_stm32f103xb.o [1]
  .text              ro code   0x800'19b0     0x4  startup_stm32f103xb.o [1]
  .text              ro code   0x800'19b4     0x4  startup_stm32f103xb.o [1]
  .text              ro code   0x800'19b8     0x4  startup_stm32f103xb.o [1]
  .text              ro code   0x800'19bc     0x4  startup_stm32f103xb.o [1]
  .text              ro code   0x800'19c0     0x4  startup_stm32f103xb.o [1]
  .text              ro code   0x800'19c4     0x4  startup_stm32f103xb.o [1]
  .text              ro code   0x800'19c8     0x4  startup_stm32f103xb.o [1]
  .text              ro code   0x800'19cc     0x4  startup_stm32f103xb.o [1]
  .text              ro code   0x800'19d0     0x4  startup_stm32f103xb.o [1]
  .text              ro code   0x800'19d4     0x4  startup_stm32f103xb.o [1]
  .text              ro code   0x800'19d8     0x4  startup_stm32f103xb.o [1]
  .text              ro code   0x800'19dc     0x4  startup_stm32f103xb.o [1]
  .text              ro code   0x800'19e0     0x4  startup_stm32f103xb.o [1]
  .text              ro code   0x800'19e4     0x4  startup_stm32f103xb.o [1]
  .text              ro code   0x800'19e8     0x4  startup_stm32f103xb.o [1]
  .text              ro code   0x800'19ec     0x4  startup_stm32f103xb.o [1]
  .text              ro code   0x800'19f0     0x4  startup_stm32f103xb.o [1]
  .text              ro code   0x800'19f4     0x4  startup_stm32f103xb.o [1]
  .text              ro code   0x800'19f8     0x4  startup_stm32f103xb.o [1]
  .text              ro code   0x800'19fc     0x4  startup_stm32f103xb.o [1]
  .text              ro code   0x800'1a00     0x4  startup_stm32f103xb.o [1]
  .text              ro code   0x800'1a04     0x4  startup_stm32f103xb.o [1]
  .text              ro code   0x800'1a08     0x4  startup_stm32f103xb.o [1]
  .text              ro code   0x800'1a0c     0x4  startup_stm32f103xb.o [1]
  .text              ro code   0x800'1a10     0x4  startup_stm32f103xb.o [1]
  .text              ro code   0x800'1a14     0x4  startup_stm32f103xb.o [1]
  .text              ro code   0x800'1a18     0x4  startup_stm32f103xb.o [1]
  .text              ro code   0x800'1a1c     0x4  startup_stm32f103xb.o [1]
  .text              ro code   0x800'1a20     0x4  startup_stm32f103xb.o [1]
  .text              ro code   0x800'1a24     0x4  startup_stm32f103xb.o [1]
  .text              ro code   0x800'1a28     0x4  startup_stm32f103xb.o [1]
  .text              ro code   0x800'1a2c     0x4  startup_stm32f103xb.o [1]
  .text              ro code   0x800'1a30     0x4  startup_stm32f103xb.o [1]
  .text              ro code   0x800'1a34     0x4  startup_stm32f103xb.o [1]
  .text              ro code   0x800'1a38     0x4  startup_stm32f103xb.o [1]
  .text              ro code   0x800'1a3c     0x4  startup_stm32f103xb.o [1]
  .text              ro code   0x800'1a40     0x4  startup_stm32f103xb.o [1]
  .text              ro code   0x800'1a44     0x4  startup_stm32f103xb.o [1]
  .text              ro code   0x800'1a48     0x4  startup_stm32f103xb.o [1]
  .text              ro code   0x800'1a4c     0x4  startup_stm32f103xb.o [1]
  .text              ro code   0x800'1a50     0x4  startup_stm32f103xb.o [1]
  Initializer bytes  const     0x800'1a54     0x4  <for P2-1>
  .rodata            const     0x800'1a58     0x0  zero_init3.o [3]
  .rodata            const     0x800'1a58     0x0  copy_init3.o [3]
                             - 0x800'1a58  0x196c

"P2", part 1 of 3:                            0x4
  P2-1                        0x2000'0000     0x4  <Init block>
    .data            inited   0x2000'0000     0x4  port.o [1]
                            - 0x2000'0004     0x4

"P2", part 2 of 3:                         0x45b0
  .bss               zero     0x2000'0004  0x4400  heap_1.o [1]
  .bss               zero     0x2000'4404    0x64  tasks.o [1]
  .bss               zero     0x2000'4468    0x44  uart.o [1]
  .bss               zero     0x2000'44ac    0x44  uart.o [1]
  .bss               zero     0x2000'44f0    0x14  tasks.o [1]
  .bss               zero     0x2000'4504    0x14  tasks.o [1]
  .bss               zero     0x2000'4518    0x14  tasks.o [1]
  .bss               zero     0x2000'452c    0x14  tasks.o [1]
  .bss               zero     0x2000'4540    0x14  tasks.o [1]
  .bss               zero     0x2000'4554     0xc  uart.o [1]
  .bss               zero     0x2000'4560     0xc  uart.o [1]
  .bss               zero     0x2000'456c     0x4  heap_1.o [1]
  .bss               zero     0x2000'4570     0x4  heap_1.o [1]
  .bss               zero     0x2000'4574     0x4  tasks.o [1]
  .bss               zero     0x2000'4578     0x4  tasks.o [1]
  .bss               zero     0x2000'457c     0x4  tasks.o [1]
  .bss               zero     0x2000'4580     0x4  tasks.o [1]
  .bss               zero     0x2000'4584     0x4  tasks.o [1]
  .bss               zero     0x2000'4588     0x4  tasks.o [1]
  .bss               zero     0x2000'458c     0x4  tasks.o [1]
  .bss               zero     0x2000'4590     0x4  tasks.o [1]
  .bss               zero     0x2000'4594     0x4  tasks.o [1]
  .bss               zero     0x2000'4598     0x4  tasks.o [1]
  .bss               zero     0x2000'459c     0x4  tasks.o [1]
  .bss               zero     0x2000'45a0     0x4  tasks.o [1]
  .bss               zero     0x2000'45a4     0x4  tasks.o [1]
  .bss               zero     0x2000'45a8     0x4  tasks.o [1]
  .bss               zero     0x2000'45ac     0x4  tasks.o [1]
  .bss               zero     0x2000'45b0     0x2  uart.o [1]
                            - 0x2000'45b2  0x45ae

"P2", part 3 of 3:                          0x800
  CSTACK                      0x2000'45b8   0x800  <Block>
    CSTACK           uninit   0x2000'45b8   0x800  <Block tail>
                            - 0x2000'4db8   0x800

Unused ranges:

         From           To    Size
         ----           --    ----
   0x800'1a58   0x800'ffff  0xe5a8
  0x2000'45b4  0x2000'45b7     0x4
  0x2000'4db8  0x2000'4fff   0x248


*******************************************************************************
*** INIT TABLE
***

          Address      Size
          -------      ----
Zero (__iar_zero_init3)
    1 destination range, total size 0x45ae:
          0x2000'0004  0x45ae

Copy (__iar_copy_init3)
    1 source range, total size 0x4:
           0x800'1a54     0x4
    1 destination range, total size 0x4:
          0x2000'0000     0x4



*******************************************************************************
*** MODULE SUMMARY
***

    Module                 ro code  ro data  rw data
    ------                 -------  -------  -------
command line/config:
    ------------------------------------------------
    Total:

C:\Users\MrZang\IAR_prj\LoRaWAN_CMSIS_FreeRTOS\Release\Obj: [1]
    RingFIFO.o                 160
    clock.o                    228
    gpio.o                      68
    heap_1.o                   104            17'416
    list.o                     152
    main.o                   1'248    1'112
    modemRHF78-052.o           122
    port.o                     228        4        4
    portasm.o                  136
    startup_stm32f103xb.o      444
    system_stm32f1xx.o          88
    tasks.o                  1'524        8      260
    uart.o                     800               162
    ------------------------------------------------
    Total:                   5'302    1'124   17'842

dl7M_tln.a: [2]
    exit.o                       4
    low_level_init.o             4
    ------------------------------------------------
    Total:                       8

rt7M_tl.a: [3]
    cexit.o                     10
    cmain.o                     30
    copy_init3.o                46
    cstartup_M.o                12
    data_init.o                 40
    strlen.o                    54
    zero_init3.o                58
    ------------------------------------------------
    Total:                     250

shb_l.a: [4]
    exit.o                      20
    ------------------------------------------------
    Total:                      20

    Gaps                         4
    Linker created                       36    2'048
----------------------------------------------------
    Grand Total:             5'584    1'160   19'890


*******************************************************************************
*** ENTRY LIST
***

Entry                       Address    Size  Type      Object
-----                       -------    ----  ----      ------
.iar.init_table$$Base    0x800'15d0           --   Gb  - Linker created -
.iar.init_table$$Limit   0x800'15f4           --   Gb  - Linker created -
?main                    0x800'1615          Code  Gb  cmain.o [3]
ADR                      0x800'1948     0xc  Data  Gb  main.o [1]
AppSKey                  0x800'14bc    0x38  Data  Gb  main.o [1]
CSTACK$$Base            0x2000'45b8           --   Gb  - Linker created -
CSTACK$$Limit           0x2000'4db8           --   Gb  - Linker created -
ClassA                   0x800'18e0    0x10  Data  Gb  main.o [1]
Decr                     0x800'1313     0xe  Code  Lc  RingFIFO.o [1]
EU433                    0x800'18a0    0x10  Data  Gb  main.o [1]
Incr                     0x800'1303    0x10  Code  Lc  RingFIFO.o [1]
NVIC_DisableIRQ          0x800'0f69    0x14  Code  Lc  uart.o [1]
NVIC_EnableIRQ           0x800'0f55    0x14  Code  Lc  uart.o [1]
NwkSKey                  0x800'1484    0x38  Data  Gb  main.o [1]
PendSV_Handler           0x800'08c5          Code  Gb  portasm.o [1]
Port                     0x800'1930     0xc  Data  Gb  main.o [1]
PortInit                 0x800'0f11    0x1e  Code  Gb  gpio.o [1]
PortSetHi                0x800'0f2f     0xa  Code  Gb  gpio.o [1]
PortSetLow               0x800'0f39     0xa  Code  Gb  gpio.o [1]
RCC_DeInit               0x800'0e2d    0x56  Code  Gb  clock.o [1]
RXNEIEnable              0x800'1171     0xa  Code  Lc  uart.o [1]
RXWIN2                   0x800'1870    0x18  Data  Gb  main.o [1]
Region$$Table$$Base      0x800'15d0           --   Gb  - Linker created -
Region$$Table$$Limit     0x800'15f4           --   Gb  - Linker created -
RingBuffClear            0x800'1389     0x6  Code  Gb  RingFIFO.o [1]
RingBuffGet              0x800'134b    0x3a  Code  Gb  RingFIFO.o [1]
RingBuffInit             0x800'1321     0xe  Code  Gb  RingFIFO.o [1]
RingBuffNumOfItems       0x800'1385     0x4  Code  Gb  RingFIFO.o [1]
RingBuffPut              0x800'132f    0x1c  Code  Gb  RingFIFO.o [1]
RingIncr                 0x800'12ef    0x14  Code  Lc  RingFIFO.o [1]
RxPinInit                0x800'112f    0x2e  Code  Lc  uart.o [1]
SVC_Handler              0x800'090b          Code  Gb  portasm.o [1]
SetSysClockTo72          0x800'0e83    0x7a  Code  Gb  clock.o [1]
SysTick_Handler          0x800'0865    0x28  Code  Gb  port.o [1]
SystemInit               0x800'142d    0x3e  Code  Gb  system_stm32f1xx.o [1]
TXEIDisable              0x800'1167     0xa  Code  Lc  uart.o [1]
TXEIEnable               0x800'115d     0xa  Code  Lc  uart.o [1]
TxPinInit                0x800'1103    0x2c  Code  Lc  uart.o [1]
UARTInitStr              0x800'196c     0xc  Data  Lc  main.o [1]
UART_BytesToRead         0x800'1051    0x18  Code  Gb  uart.o [1]
UART_GetC                0x800'1039    0x18  Code  Gb  uart.o [1]
UART_Init                0x800'0f7d    0x9c  Code  Gb  uart.o [1]
UART_PutC                0x800'1019    0x20  Code  Gb  uart.o [1]
UART_ReadBuffClear       0x800'1069    0x10  Code  Gb  uart.o [1]
UART_WriteBuffClear      0x800'1079    0x10  Code  Gb  uart.o [1]
USART2_IRQHandler        0x800'11e7    0x52  Code  Gb  uart.o [1]
USART2_IRQHandler::tmp  0x2000'45b0     0x2  Data  Lc  uart.o [1]
__cmain                  0x800'1615          Code  Gb  cmain.o [3]
__exit                   0x800'1649    0x14  Code  Gb  exit.o [4]
__iar_copy_init3         0x800'13ff    0x2e  Code  Gb  copy_init3.o [3]
__iar_data_init3         0x800'1585    0x28  Code  Gb  data_init.o [3]
__iar_program_start      0x800'1979          Code  Gb  cstartup_M.o [3]
__iar_zero_init3         0x800'138f    0x3a  Code  Gb  zero_init3.o [3]
__low_level_init         0x800'1633     0x4  Code  Gb  low_level_init.o [2]
__vector_table           0x800'0000          Data  Gb  startup_stm32f103xb.o [1]
_call_main               0x800'1621          Code  Gb  cmain.o [3]
_exit                    0x800'163d          Code  Gb  cexit.o [3]
_main                    0x800'162f          Code  Gb  cmain.o [3]
_uart_en                 0x800'10f9     0xa  Code  Lc  uart.o [1]
_uart_init               0x800'1089    0x70  Code  Lc  uart.o [1]
answer_ADR               0x800'1954     0xc  Data  Gb  main.o [1]
answer_AppSKey           0x800'1528    0x34  Data  Gb  main.o [1]
answer_ClassA            0x800'1960     0xc  Data  Gb  main.o [1]
answer_DEVADDR           0x800'1678    0x1c  Data  Gb  main.o [1]
answer_EU433             0x800'18b0    0x10  Data  Gb  main.o [1]
answer_NwkSKey           0x800'14f4    0x34  Data  Gb  main.o [1]
answer_Port              0x800'193c     0xc  Data  Gb  main.o [1]
answer_RXWIN2            0x800'1854    0x1c  Data  Gb  main.o [1]
answer_check_link        0x800'1918     0xc  Data  Gb  main.o [1]
answer_default_Data_Rate
                         0x800'15f4    0x20  Data  Gb  main.o [1]
answer_default_Power     0x800'18d0    0x10  Data  Gb  main.o [1]
answer_devEUI            0x800'155c    0x28  Data  Gb  main.o [1]
answer_set_channel0      0x800'16b0    0x1c  Data  Gb  main.o [1]
answer_set_channel1      0x800'16e8    0x1c  Data  Gb  main.o [1]
answer_set_channel2      0x800'1720    0x1c  Data  Gb  main.o [1]
answer_set_channel3      0x800'1758    0x1c  Data  Gb  main.o [1]
answer_set_channel4      0x800'1790    0x1c  Data  Gb  main.o [1]
answer_set_channel5      0x800'17c8    0x1c  Data  Gb  main.o [1]
answer_set_channel6      0x800'1800    0x1c  Data  Gb  main.o [1]
answer_set_channel7      0x800'1838    0x1c  Data  Gb  main.o [1]
check_link               0x800'1984     0x8  Data  Gb  main.o [1]
default_Data_Rate        0x800'1924     0xc  Data  Gb  main.o [1]
default_Power            0x800'18c0    0x10  Data  Gb  main.o [1]
exit                     0x800'1637     0x4  Code  Gb  exit.o [2]
main                     0x800'094d    0x50  Code  Gb  main.o [1]
message                  0x800'1888    0x18  Data  Gb  main.o [1]
prvAddCurrentTaskToDelayedList
                         0x800'0631    0x6e  Code  Lc  tasks.o [1]
prvAddNewTaskToReadyList
                         0x800'01ef    0x9a  Code  Lc  tasks.o [1]
prvCheckTasksWaitingTermination
                         0x800'0591    0x36  Code  Lc  tasks.o [1]
prvDeleteTCB             0x800'05c7    0x12  Code  Lc  tasks.o [1]
prvIdleTask              0x800'051d    0x22  Code  Lc  tasks.o [1]
prvInitialiseNewTask     0x800'0159    0x96  Code  Lc  tasks.o [1]
prvInitialiseTaskLists   0x800'053f    0x52  Code  Lc  tasks.o [1]
prvResetNextTaskUnblockTime
                         0x800'05d9    0x28  Code  Lc  tasks.o [1]
prvTaskExitError         0x800'0801    0x10  Code  Lc  port.o [1]
pvPortMalloc             0x800'06e1    0x58  Code  Gb  heap_1.o [1]
pvPortMalloc::pucAlignedHeap
                        0x2000'4570     0x4  Data  Lc  heap_1.o [1]
pxCurrentTCB            0x2000'4574     0x4  Data  Gb  tasks.o [1]
pxDelayedTaskList       0x2000'4578     0x4  Data  Lc  tasks.o [1]
pxOverflowDelayedTaskList
                        0x2000'457c     0x4  Data  Lc  tasks.o [1]
pxPortInitialiseStack    0x800'07e1    0x20  Code  Gb  port.o [1]
pxReadyTasksLists       0x2000'4404    0x64  Data  Lc  tasks.o [1]
receive_answer           0x800'12b5    0x3a  Code  Gb  modemRHF78-052.o [1]
ring_get                 0x800'117b    0x24  Code  Lc  uart.o [1]
ring_put                 0x800'119f    0x48  Code  Lc  uart.o [1]
rx_buff2                0x2000'44ac    0x44  Data  Lc  uart.o [1]
rx_fifo2                0x2000'4560     0xc  Data  Lc  uart.o [1]
send_AT_command          0x800'1275    0x40  Code  Gb  modemRHF78-052.o [1]
set_DEVADDR              0x800'165c    0x1c  Data  Gb  main.o [1]
set_channel0             0x800'1694    0x1c  Data  Gb  main.o [1]
set_channel1             0x800'16cc    0x1c  Data  Gb  main.o [1]
set_channel2             0x800'1704    0x1c  Data  Gb  main.o [1]
set_channel3             0x800'173c    0x1c  Data  Gb  main.o [1]
set_channel4             0x800'1774    0x1c  Data  Gb  main.o [1]
set_channel5             0x800'17ac    0x1c  Data  Gb  main.o [1]
set_channel6             0x800'17e4    0x1c  Data  Gb  main.o [1]
set_channel7             0x800'181c    0x1c  Data  Gb  main.o [1]
set_devEUI               0x800'15ac    0x24  Data  Gb  main.o [1]
strlen                   0x800'13c9          Code  Gb  strlen.o [3]
tx_buff2                0x2000'4468    0x44  Data  Lc  uart.o [1]
tx_fifo2                0x2000'4554     0xc  Data  Lc  uart.o [1]
ucHeap                  0x2000'0004  0x4400  Data  Lc  heap_1.o [1]
uxCriticalNesting       0x2000'0000     0x4  Data  Lc  port.o [1]
uxCurrentNumberOfTasks  0x2000'4584     0x4  Data  Lc  tasks.o [1]
uxDeletedTasksWaitingCleanUp
                        0x2000'4580     0x4  Data  Lc  tasks.o [1]
uxListRemove             0x800'07bb    0x26  Code  Gb  list.o [1]
uxSchedulerSuspended    0x2000'45ac     0x4  Data  Lc  tasks.o [1]
uxTaskNumber            0x2000'45a0     0x4  Data  Lc  tasks.o [1]
uxTopReadyPriority      0x2000'458c     0x4  Data  Lc  tasks.o [1]
vListInitialise          0x800'0749    0x1e  Code  Gb  list.o [1]
vListInitialiseItem      0x800'0767     0x6  Code  Gb  list.o [1]
vListInsert              0x800'0785    0x36  Code  Gb  list.o [1]
vListInsertEnd           0x800'076d    0x18  Code  Gb  list.o [1]
vLoRaWAN_Modem           0x800'09b9   0x3c4  Code  Gb  main.o [1]
vMCU_worked              0x800'099d    0x1c  Code  Gb  main.o [1]
vPortEnterCritical       0x800'0837    0x18  Code  Gb  port.o [1]
vPortExitCritical        0x800'084f    0x16  Code  Gb  port.o [1]
vPortFree                0x800'0739     0x2  Code  Gb  heap_1.o [1]
vPortStartFirstTask      0x800'092b          Code  Gb  portasm.o [1]
vTaskDelay               0x800'0289    0x32  Code  Gb  tasks.o [1]
vTaskStartScheduler      0x800'02bb    0x4e  Code  Gb  tasks.o [1]
vTaskSuspendAll          0x800'0309     0xc  Code  Gb  tasks.o [1]
vTaskSwitchContext       0x800'04c7    0x56  Code  Gb  tasks.o [1]
xDelayedTaskList1       0x2000'44f0    0x14  Data  Lc  tasks.o [1]
xDelayedTaskList2       0x2000'4504    0x14  Data  Lc  tasks.o [1]
xIdleTaskHandle         0x2000'45a8     0x4  Data  Lc  tasks.o [1]
xNextFreeByte           0x2000'456c     0x4  Data  Lc  heap_1.o [1]
xNextTaskUnblockTime    0x2000'45a4     0x4  Data  Lc  tasks.o [1]
xNumOfOverflows         0x2000'459c     0x4  Data  Lc  tasks.o [1]
xPendedTicks            0x2000'4594     0x4  Data  Lc  tasks.o [1]
xPendingReadyList       0x2000'4518    0x14  Data  Lc  tasks.o [1]
xPortStartScheduler      0x800'0811    0x26  Code  Gb  port.o [1]
xSchedulerRunning       0x2000'4590     0x4  Data  Lc  tasks.o [1]
xSuspendedTaskList      0x2000'4540    0x14  Data  Lc  tasks.o [1]
xTaskCreate              0x800'00ed    0x6c  Code  Gb  tasks.o [1]
xTaskIncrementTick       0x800'03e3    0xe4  Code  Gb  tasks.o [1]
xTaskResumeAll           0x800'0315    0xce  Code  Gb  tasks.o [1]
xTasksWaitingTermination
                        0x2000'452c    0x14  Data  Lc  tasks.o [1]
xTickCount              0x2000'4588     0x4  Data  Lc  tasks.o [1]
xYieldPending           0x2000'4598     0x4  Data  Lc  tasks.o [1]


[1] = C:\Users\MrZang\IAR_prj\LoRaWAN_CMSIS_FreeRTOS\Release\Obj
[2] = dl7M_tln.a
[3] = rt7M_tl.a
[4] = shb_l.a

   5'584 bytes of readonly  code memory
   1'160 bytes of readonly  data memory
  19'890 bytes of readwrite data memory

Errors: none
Warnings: none
